分类: 📺央视频道, 名称: CCTV-1, 有效: 5, IPv4: 5, IPv6: 0, 最小延迟: 94 ms, 最高速率: 11.37 M/s, 平均速率: 8.77 M/s, 最高分辨率: 1920x1080, 平均帧率: 29.00, 视频编解码器: h264, 音频编解码器: aac
分类: 📺央视频道, 名称: CCTV-2, 有效: 5, IPv4: 5, IPv6: 0, 最小延迟: 96 ms, 最高速率: 13.98 M/s, 平均速率: 10.96 M/s, 最高分辨率: 1920x1080, 平均帧率: 30.00, 视频编解码器: h264, 音频编解码器: aac
分类: 📺央视频道, 名称: CCTV-3, 有效: 5, IPv4: 5, IPv6: 0, 最小延迟: 77 ms, 最高速率: 13.89 M/s, 平均速率: 10.85 M/s, 最高分辨率: 1920x1080, 平均帧率: 30.00, 视频编解码器: h264, 音频编解码器: aac
分类: 📺央视频道, 名称: CCTV-5, 有效: 5, IPv4: 6, IPv6: 0, 最小延迟: 69 ms, 最高速率: 16.49 M/s, 平均速率: 12.18 M/s, 最高分辨率: 1920x1080, 平均帧率: 29.00, 视频编解码器: h264, 音频编解码器: aac
分类: 📺央视频道, 名称: CCTV-4, 有效: 5, IPv4: 5, IPv6: 0, 最小延迟: 66 ms, 最高速率: 13.77 M/s, 平均速率: 7.79 M/s, 最高分辨率: 1920x1080, 平均帧率: 27.00, 视频编解码器: h264, 音频编解码器: aac
分类: 📺央视频道, 名称: CCTV-6, 有效: 5, IPv4: 5, IPv6: 0, 最小延迟: 70 ms, 最高速率: 15.25 M/s, 平均速率: 14.56 M/s, 最高分辨率: 1920x1080, 平均帧率: 30.00, 视频编解码器: h264, 音频编解码器: aac
分类: 📺央视频道, 名称: CCTV-8, 有效: 5, IPv4: 5, IPv6: 0, 最小延迟: 69 ms, 最高速率: 14.85 M/s, 平均速率: 14.18 M/s, 最高分辨率: 1920x1080, 平均帧率: 30.00, 视频编解码器: h264, 音频编解码器: aac
分类: 📺央视频道, 名称: CCTV-7, 有效: 5, IPv4: 5, IPv6: 0, 最小延迟: 66 ms, 最高速率: 15.23 M/s, 平均速率: 12.49 M/s, 最高分辨率: 1920x1080, 平均帧率: 29.00, 视频编解码器: h264, 音频编解码器: aac
分类: 📺央视频道, 名称: CCTV-9, 有效: 5, IPv4: 5, IPv6: 0, 最小延迟: 72 ms, 最高速率: 15.17 M/s, 平均速率: 11.18 M/s, 最高分辨率: 1920x1080, 平均帧率: 28.00, 视频编解码器: h264, 音频编解码器: aac
分类: 📺央视频道, 名称: CCTV-10, 有效: 5, IPv4: 5, IPv6: 0, 最小延迟: 68 ms, 最高速率: 15.94 M/s, 平均速率: 14.00 M/s, 最高分辨率: 1920x1080, 平均帧率: 30.00, 视频编解码器: h264, 音频编解码器: aac
分类: 📺央视频道, 名称: CCTV-11, 有效: 5, IPv4: 5, IPv6: 0, 最小延迟: 68 ms, 最高速率: 16.08 M/s, 平均速率: 14.51 M/s, 最高分辨率: 1920x1080, 平均帧率: 30.00, 视频编解码器: h264, 音频编解码器: aac
分类: 📺央视频道, 名称: CCTV-12, 有效: 5, IPv4: 5, IPv6: 0, 最小延迟: 75 ms, 最高速率: 15.08 M/s, 平均速率: 11.52 M/s, 最高分辨率: 1920x1080, 平均帧率: 28.00, 视频编解码器: h264, 音频编解码器: aac
分类: 📺央视频道, 名称: CCTV-13, 有效: 5, IPv4: 5, IPv6: 0, 最小延迟: 67 ms, 最高速率: 15.01 M/s, 平均速率: 14.00 M/s, 最高分辨率: 1920x1080, 平均帧率: 30.00, 视频编解码器: h264, 音频编解码器: aac
分类: 📺央视频道, 名称: CCTV-14, 有效: 5, IPv4: 5, IPv6: 0, 最小延迟: 69 ms, 最高速率: 16.18 M/s, 平均速率: 14.84 M/s, 最高分辨率: 1920x1080, 平均帧率: 30.00, 视频编解码器: h264, 音频编解码器: aac
分类: 📺央视频道, 名称: CCTV-15, 有效: 5, IPv4: 5, IPv6: 0, 最小延迟: 86 ms, 最高速率: 14.16 M/s, 平均速率: 11.99 M/s, 最高分辨率: 1920x1080, 平均帧率: 29.00, 视频编解码器: h264, 音频编解码器: aac
分类: 📺央视频道, 名称: CCTV-16, 有效: 5, IPv4: 5, IPv6: 0, 最小延迟: 73 ms, 最高速率: 15.24 M/s, 平均速率: 11.22 M/s, 最高分辨率: 1920x1080, 平均帧率: 28.00, 视频编解码器: h264, 音频编解码器: aac
分类: 📺央视频道, 名称: CCTV-17, 有效: 5, IPv4: 5, IPv6: 0, 最小延迟: 75 ms, 最高速率: 14.36 M/s, 平均速率: 13.12 M/s, 最高分辨率: 1920x1080, 平均帧率: 30.00, 视频编解码器: h264, 音频编解码器: aac
分类: 📺央视频道, 名称: CETV-1, 有效: 2, IPv4: 3, IPv6: 0, 最小延迟: 76 ms, 最高速率: 14.94 M/s, 平均速率: 14.52 M/s, 最高分辨率: 1920x1080, 平均帧率: 30.00, 视频编解码器: h264, 音频编解码器: aac
分类: 📺央视频道, 名称: CETV-2, 有效: 2, IPv4: 3, IPv6: 0, 最小延迟: 104 ms, 最高速率: 12.09 M/s, 平均速率: 11.42 M/s, 最高分辨率: 1920x1080, 平均帧率: 30.00, 视频编解码器: h264, 音频编解码器: aac
分类: 📺央视频道, 名称: CCTV-5+, 有效: 4, IPv4: 4, IPv6: 0, 最小延迟: 461 ms, 最高速率: 7.04 M/s, 平均速率: 3.31 M/s, 最高分辨率: 1920x1080, 平均帧率: 25.00, 视频编解码器: h264, 音频编解码器: aac
分类: 📺央视频道, 名称: CETV-4, 有效: 0, IPv4: 2, IPv6: 0, 最小延迟: -1 ms, 最高速率: 0.00 M/s, 平均速率: 0.00 M/s, 最高分辨率: None, 平均帧率: 未知, 视频编解码器: 未知, 音频编解码器: 未知
分类: 📡卫视频道, 名称: 浙江卫视, 有效: 5, IPv4: 5, IPv6: 0, 最小延迟: 65 ms, 最高速率: 15.07 M/s, 平均速率: 14.43 M/s, 最高分辨率: 1920x1080, 平均帧率: 30.00, 视频编解码器: h264, 音频编解码器: aac
分类: 📡卫视频道, 名称: 湖南卫视, 有效: 5, IPv4: 5, IPv6: 0, 最小延迟: 78 ms, 最高速率: 13.94 M/s, 平均速率: 12.04 M/s, 最高分辨率: 1920x1080, 平均帧率: 28.00, 视频编解码器: h264, 音频编解码器: aac
分类: 📡卫视频道, 名称: 黑龙江卫视, 有效: 5, IPv4: 5, IPv6: 0, 最小延迟: 74 ms, 最高速率: 15.24 M/s, 平均速率: 13.11 M/s, 最高分辨率: 1920x1080, 平均帧率: 29.00, 视频编解码器: h264, 音频编解码器: aac
分类: 📡卫视频道, 名称: 北京卫视, 有效: 4, IPv4: 5, IPv6: 0, 最小延迟: 73 ms, 最高速率: 15.15 M/s, 平均速率: 11.78 M/s, 最高分辨率: 1920x1080, 平均帧率: 27.50, 视频编解码器: h264, 音频编解码器: aac
分类: 📡卫视频道, 名称: 安徽卫视, 有效: 5, IPv4: 5, IPv6: 0, 最小延迟: 72 ms, 最高速率: 15.84 M/s, 平均速率: 14.50 M/s, 最高分辨率: 1920x1080, 平均帧率: 29.00, 视频编解码器: h264, 音频编解码器: aac
分类: 📡卫视频道, 名称: 重庆卫视, 有效: 4, IPv4: 4, IPv6: 0, 最小延迟: 61 ms, 最高速率: 16.26 M/s, 平均速率: 10.74 M/s, 最高分辨率: 1920x1080, 平均帧率: 27.50, 视频编解码器: h264, 音频编解码器: aac
分类: 📡卫视频道, 名称: 东方卫视, 有效: 5, IPv4: 5, IPv6: 0, 最小延迟: 65 ms, 最高速率: 15.31 M/s, 平均速率: 13.29 M/s, 最高分辨率: 1920x1080, 平均帧率: 29.00, 视频编解码器: h264, 音频编解码器: aac
分类: 📡卫视频道, 名称: 湖北卫视, 有效: 4, IPv4: 4, IPv6: 0, 最小延迟: 75 ms, 最高速率: 15.58 M/s, 平均速率: 10.80 M/s, 最高分辨率: 1920x1080, 平均帧率: 28.75, 视频编解码器: h264, 音频编解码器: aac
分类: 📡卫视频道, 名称: 东南卫视, 有效: 5, IPv4: 5, IPv6: 0, 最小延迟: 70 ms, 最高速率: 16.45 M/s, 平均速率: 12.40 M/s, 最高分辨率: 1920x1080, 平均帧率: 29.00, 视频编解码器: h264, 音频编解码器: aac
分类: 📡卫视频道, 名称: 甘肃卫视, 有效: 5, IPv4: 5, IPv6: 0, 最小延迟: 72 ms, 最高速率: 13.53 M/s, 平均速率: 12.00 M/s, 最高分辨率: 1920x1080, 平均帧率: 29.00, 视频编解码器: h264, 音频编解码器: aac
分类: 📡卫视频道, 名称: 广西卫视, 有效: 5, IPv4: 5, IPv6: 0, 最小延迟: 66 ms, 最高速率: 15.29 M/s, 平均速率: 10.82 M/s, 最高分辨率: 1920x1080, 平均帧率: 28.00, 视频编解码器: h264, 音频编解码器: aac
分类: 📡卫视频道, 名称: 贵州卫视, 有效: 5, IPv4: 5, IPv6: 0, 最小延迟: 77 ms, 最高速率: 14.73 M/s, 平均速率: 12.41 M/s, 最高分辨率: 1920x1080, 平均帧率: 29.00, 视频编解码器: h264, 音频编解码器: aac
分类: 📡卫视频道, 名称: 海南卫视, 有效: 5, IPv4: 5, IPv6: 0, 最小延迟: 74 ms, 最高速率: 13.90 M/s, 平均速率: 12.67 M/s, 最高分辨率: 1920x1080, 平均帧率: 30.00, 视频编解码器: h264, 音频编解码器: aac
分类: 📡卫视频道, 名称: 河北卫视, 有效: 5, IPv4: 5, IPv6: 0, 最小延迟: 72 ms, 最高速率: 15.21 M/s, 平均速率: 13.47 M/s, 最高分辨率: 1920x1080, 平均帧率: 30.00, 视频编解码器: h264, 音频编解码器: aac
分类: 📡卫视频道, 名称: 广东卫视, 有效: 5, IPv4: 5, IPv6: 0, 最小延迟: 67 ms, 最高速率: 79.98 M/s, 平均速率: 26.51 M/s, 最高分辨率: 1920x1080, 平均帧率: 28.00, 视频编解码器: h264, 音频编解码器: aac
分类: 📡卫视频道, 名称: 河南卫视, 有效: 5, IPv4: 5, IPv6: 0, 最小延迟: 81 ms, 最高速率: 14.45 M/s, 平均速率: 13.02 M/s, 最高分辨率: 1920x1080, 平均帧率: 30.00, 视频编解码器: h264, 音频编解码器: aac
分类: 📡卫视频道, 名称: 吉林卫视, 有效: 5, IPv4: 5, IPv6: 0, 最小延迟: 72 ms, 最高速率: 15.27 M/s, 平均速率: 13.65 M/s, 最高分辨率: 1920x1080, 平均帧率: 30.00, 视频编解码器: h264, 音频编解码器: aac
分类: 📡卫视频道, 名称: 江苏卫视, 有效: 5, IPv4: 5, IPv6: 0, 最小延迟: 72 ms, 最高速率: 15.05 M/s, 平均速率: 13.94 M/s, 最高分辨率: 1920x1080, 平均帧率: 30.00, 视频编解码器: h264, 音频编解码器: aac
分类: 📡卫视频道, 名称: 江西卫视, 有效: 5, IPv4: 5, IPv6: 0, 最小延迟: 66 ms, 最高速率: 15.47 M/s, 平均速率: 13.70 M/s, 最高分辨率: 1920x1080, 平均帧率: 30.00, 视频编解码器: h264, 音频编解码器: aac
分类: 📡卫视频道, 名称: 辽宁卫视, 有效: 5, IPv4: 5, IPv6: 0, 最小延迟: 68 ms, 最高速率: 15.30 M/s, 平均速率: 12.41 M/s, 最高分辨率: 1920x1080, 平均帧率: 29.00, 视频编解码器: h264, 音频编解码器: aac
分类: 📡卫视频道, 名称: 青海卫视, 有效: 5, IPv4: 5, IPv6: 0, 最小延迟: 75 ms, 最高速率: 15.41 M/s, 平均速率: 13.36 M/s, 最高分辨率: 1920x1080, 平均帧率: 29.00, 视频编解码器: h264, 音频编解码器: aac
分类: 📡卫视频道, 名称: 山东卫视, 有效: 5, IPv4: 5, IPv6: 0, 最小延迟: 64 ms, 最高速率: 15.66 M/s, 平均速率: 14.03 M/s, 最高分辨率: 1920x1080, 平均帧率: 30.00, 视频编解码器: h264, 音频编解码器: aac
分类: 📡卫视频道, 名称: 内蒙古卫视, 有效: 4, IPv4: 5, IPv6: 0, 最小延迟: 77 ms, 最高速率: 14.66 M/s, 平均速率: 13.65 M/s, 最高分辨率: 1920x1080, 平均帧率: 30.00, 视频编解码器: h264, 音频编解码器: aac
分类: 📡卫视频道, 名称: 山西卫视, 有效: 3, IPv4: 3, IPv6: 0, 最小延迟: 74 ms, 最高速率: 14.31 M/s, 平均速率: 14.18 M/s, 最高分辨率: 1920x1080, 平均帧率: 30.00, 视频编解码器: h264, 音频编解码器: aac
分类: 📡卫视频道, 名称: 宁夏卫视, 有效: 3, IPv4: 5, IPv6: 0, 最小延迟: 68 ms, 最高速率: 15.57 M/s, 平均速率: 14.97 M/s, 最高分辨率: 1920x1080, 平均帧率: 28.75, 视频编解码器: h264, 音频编解码器: aac
分类: 📡卫视频道, 名称: 陕西卫视, 有效: 5, IPv4: 5, IPv6: 0, 最小延迟: 72 ms, 最高速率: 15.68 M/s, 平均速率: 11.55 M/s, 最高分辨率: 1920x1080, 平均帧率: 28.00, 视频编解码器: h264, 音频编解码器: aac
分类: 📡卫视频道, 名称: 四川卫视, 有效: 5, IPv4: 5, IPv6: 0, 最小延迟: 70 ms, 最高速率: 14.25 M/s, 平均速率: 12.22 M/s, 最高分辨率: 1920x1080, 平均帧率: 29.00, 视频编解码器: h264, 音频编解码器: aac
分类: 📡卫视频道, 名称: 深圳卫视, 有效: 5, IPv4: 5, IPv6: 0, 最小延迟: 65 ms, 最高速率: 15.66 M/s, 平均速率: 12.86 M/s, 最高分辨率: 1920x1080, 平均帧率: 29.00, 视频编解码器: h264, 音频编解码器: aac
分类: 📡卫视频道, 名称: 西藏卫视, 有效: 4, IPv4: 4, IPv6: 0, 最小延迟: 72 ms, 最高速率: 15.48 M/s, 平均速率: 13.90 M/s, 最高分辨率: 1920x1080, 平均帧率: 30.00, 视频编解码器: h264, 音频编解码器: aac
分类: 📡卫视频道, 名称: 天津卫视, 有效: 5, IPv4: 5, IPv6: 0, 最小延迟: 67 ms, 最高速率: 16.00 M/s, 平均速率: 13.10 M/s, 最高分辨率: 1920x1080, 平均帧率: 29.00, 视频编解码器: h264, 音频编解码器: aac
分类: 📡卫视频道, 名称: 新疆卫视, 有效: 4, IPv4: 4, IPv6: 0, 最小延迟: 76 ms, 最高速率: 14.71 M/s, 平均速率: 13.93 M/s, 最高分辨率: 1920x1080, 平均帧率: 30.00, 视频编解码器: h264, 音频编解码器: aac
分类: 📡卫视频道, 名称: 云南卫视, 有效: 5, IPv4: 5, IPv6: 0, 最小延迟: 73 ms, 最高速率: 15.07 M/s, 平均速率: 13.28 M/s, 最高分辨率: 1920x1080, 平均帧率: 29.00, 视频编解码器: h264, 音频编解码器: aac
分类: 📡卫视频道, 名称: 三沙卫视, 有效: 5, IPv4: 5, IPv6: 0, 最小延迟: 74 ms, 最高速率: 14.78 M/s, 平均速率: 10.45 M/s, 最高分辨率: 1920x1080, 平均帧率: 28.00, 视频编解码器: h264, 音频编解码器: aac
